2025-09-14 13:22:34,039 INFO RPC interface 'supervisor' initialized
2025-09-14 13:22:34,040 CRIT Server 'unix_http_server' running without any HTTP authentication checking
2025-09-14 13:22:34,042 INFO daemonizing the supervisord process
2025-09-14 13:22:34,043 INFO supervisord started with pid 64331
2025-09-14 13:22:35,047 INFO spawned: 'test_flask_app' with pid 64333
2025-09-14 13:22:36,050 INFO success: test_flask_app entered RUNNING state, process has stayed up for > than 1 seconds (startsecs)
2025-09-14 13:22:36,442 WARN exited: test_flask_app (exit status 1; not expected)
2025-09-14 13:22:36,882 INFO spawned: 'test_flask_app' with pid 64364
2025-09-14 13:22:37,893 INFO success: test_flask_app entered RUNNING state, process has stayed up for > than 1 seconds (startsecs)
2025-09-14 13:22:39,098 WARN exited: test_flask_app (exit status 1; not expected)
2025-09-14 13:22:40,102 INFO spawned: 'test_flask_app' with pid 64394
2025-09-14 13:22:41,010 WARN exited: test_flask_app (exit status 1; not expected)
2025-09-14 13:22:42,014 INFO spawned: 'test_flask_app' with pid 64418
2025-09-14 13:22:43,235 INFO success: test_flask_app entered RUNNING state, process has stayed up for > than 1 seconds (startsecs)
2025-09-14 13:22:43,427 WARN exited: test_flask_app (exit status 1; not expected)
2025-09-14 13:22:44,430 INFO spawned: 'test_flask_app' with pid 64445
2025-09-14 13:22:45,381 WARN exited: test_flask_app (exit status 1; not expected)
2025-09-14 13:22:46,384 INFO spawned: 'test_flask_app' with pid 64454
2025-09-14 13:22:47,314 WARN exited: test_flask_app (exit status 1; not expected)
2025-09-14 13:22:49,319 INFO spawned: 'test_flask_app' with pid 64460
2025-09-14 13:22:50,238 WARN exited: test_flask_app (exit status 1; not expected)
2025-09-14 13:22:53,246 INFO spawned: 'test_flask_app' with pid 64509
2025-09-14 13:22:54,120 WARN exited: test_flask_app (exit status 1; not expected)
2025-09-14 13:22:55,122 INFO gave up: test_flask_app entered FATAL state, too many start retries too quickly
